// Jest Snapshot v1, https://goo.gl/fbAQLP

exports[`renders demo correctly 1`] = `
<div>
  <div>
    <div class="page-desc">
      <p class="page-desc--text">当即将滚动到元素底部时，会自动加载更多</p>
      <div class="page-desc--option van-checkbox">
        <div class="van-checkbox__icon van-checkbox__icon--round"><i class="van-icon van-icon-success" style="color:undefined;font-size:undefined;">
            <!----></i></div><span class="van-checkbox__label">
        模拟加载失败
      </span>
      </div>
    </div>
    <div class="van-pull-refresh">
      <div class="van-pull-refresh__track" style="transition:0ms;transform:translate3d(0,0px, 0);">
        <div class="van-pull-refresh__head">
          <!---->
          <!---->
        </div>
        <div class="van-list"></div>
      </div>
    </div>
  </div>
</div>
`;
